12            .5            23            12            5
 3             3             4             0 
12x45         true          321            53 
1             112           True
ab            e             al            ab
A                |          ***           b
 0             1            Integer       FFFF          177777         0 
True          True          True
