instr1=0
instr2=2
instr3=1
mid5=
left_big=abc
replace_empty=abc
replace_cnt0=aaa
split_lim=array(0,1)a|b,c
split_lim1=array(0,0)a,b,c
split_empty_delim=array(0,0)abc
split_none=array(0,0)abc
split_lead=array(0,2)|a|
trim_null=Null
ucase_null=Null
len_null=Null
chrw256=256
string0=
strcomp_null=Null
hex_frac=100
hex_neg=FFFFFFFF
oct_neg=37777777777
val_e=1
val_hex=31
val_ws=12
val_comma=1
val_dot=0.5
val_neg=-3.5
val_empty=0
cint_str=12
int_neg=-3
sgn_str=1
abs_str=5
mid_stmt=ok
