tan=-286411383293069
atn=1.5707963267949
sin=-0.48750603
dateadd_null=Null
datediff_rev=-9
datepart_q=3
weekday_fd=3
dateserial_bad=1/1/2021
dateserial_0=12/1/2019
dateserial_year=1/1/1930
dateserial_99=1/1/1999
timeserial_over=2:02:01 AM
year_null=Null
month_str=5
cdate_num=12:00:00 PM
cdate_big=12/31/9999
date_min=1/1/100
cdate_str_t=12:30:00 PM
isdate_num=False
hour_frac=18
datepart_w=1
dateadd_m_end=2/29/2020
dateadd_y_leap=2/28/2021
format_dow=Sunday
mid_dec=3
int_dec=-2
round_dec=2
large_mul=9.9999999998E+21
mod_neg=-1
mod_float=0
intdiv_neg=-3
zero_pow_zero=1
