1             2             3             -3
0.29          2.68          0.13          100.00
1,235         1.0           2.50          1,234.57
123,456,790.00              0.000         1000000000000000
FFFF          FFFFFFFF      177777        8000          C8            FFFF
 2             4             0.12         -2 
